[DOKU] createTransaction error: {
  "message": [
    "INTERNAL SERVER ERROR"
  ]
}
[PAYMENT] createPayment error: Gagal membuat transaksi DOKU
[DOKU] createTransaction error: {
  "message": [
    "INTERNAL SERVER ERROR"
  ]
}
[PAYMENT] createPayment error: Gagal membuat transaksi DOKU
[DOKU] createTransaction error: {
  "message": [
    "INTERNAL SERVER ERROR"
  ]
}
[PAYMENT] createPayment error: Gagal membuat transaksi DOKU
[DOKU] createTransaction error: {
  "message": [
    "INTERNAL SERVER ERROR"
  ]
}
[PAYMENT] createPayment error: Gagal membuat transaksi DOKU
[DOKU] createTransaction error: {
  "message": [
    "INTERNAL SERVER ERROR"
  ]
}
[PAYMENT] createPayment error: Gagal membuat transaksi DOKU
[DOKU] createTransaction error: {
  "message": [
    "INTERNAL SERVER ERROR"
  ]
}
[PAYMENT] createPayment error: Gagal membuat transaksi DOKU
[DOKU] createTransaction error: {
  "message": [
    "INTERNAL SERVER ERROR"
  ]
}
[PAYMENT] createPayment error: Gagal membuat transaksi DOKU
